// Vitest Snapshot v1, https://vitest.dev/guide/snapshot.html

exports[`loadClientData > returns a fully populated ClientData for a valid client 1`] = `
{
  "accounts": [
    {
      "annualPropertyTax": 0,
      "basis": 180000,
      "beneficiaries": undefined,
      "category": "taxable",
      "growthRate": 0.07,
      "id": "00000000-0000-0000-0000-000000000020",
      "insuredPerson": undefined,
      "isDefaultChecking": false,
      "lifeInsurance": undefined,
      "name": "Joint Brokerage",
      "owners": [],
      "priorYearEndValue": undefined,
      "propertyTaxGrowthRate": 0.03,
      "realization": undefined,
      "rmdEnabled": false,
      "subType": "brokerage",
      "value": 250000,
    },
    {
      "annualPropertyTax": 0,
      "basis": 30000,
      "beneficiaries": undefined,
      "category": "cash",
      "growthRate": 0.02,
      "id": "00000000-0000-0000-0000-000000000021",
      "insuredPerson": undefined,
      "isDefaultChecking": true,
      "lifeInsurance": undefined,
      "name": "Checking",
      "owners": [],
      "priorYearEndValue": undefined,
      "propertyTaxGrowthRate": 0.03,
      "realization": {
        "pctLtCapitalGains": 0,
        "pctOrdinaryIncome": 1,
        "pctQualifiedDividends": 0,
        "pctTaxExempt": 0,
        "turnoverPct": 0,
      },
      "rmdEnabled": false,
      "subType": "checking",
      "value": 30000,
    },
  ],
  "assetTransactions": [],
  "client": {
    "dateOfBirth": "1968-06-15",
    "filingStatus": "married_joint",
    "firstName": "Alice",
    "lastName": "Sample",
    "lifeExpectancy": 95,
    "planEndAge": 95,
    "retirementAge": 65,
    "spouseDob": "1970-03-22",
    "spouseLifeExpectancy": 92,
    "spouseName": "Bob",
    "spouseRetirementAge": 65,
  },
  "deductions": [],
  "entities": [],
  "expenses": [
    {
      "annualAmount": 80000,
      "cashAccountId": undefined,
      "deductionType": undefined,
      "endYear": 2063,
      "endYearRef": null,
      "growthRate": 0.03,
      "growthSource": "custom",
      "id": "00000000-0000-0000-0000-000000000050",
      "inflationStartYear": undefined,
      "name": "Living Expenses",
      "ownerEntityId": undefined,
      "scheduleOverrides": undefined,
      "startYear": 2026,
      "startYearRef": null,
      "type": "living",
    },
  ],
  "externalBeneficiaries": [
    {
      "charityType": "public",
      "id": "00000000-0000-0000-0000-000000000110",
      "kind": "charity",
      "name": "Community Foundation",
    },
  ],
  "familyMembers": [
    {
      "dateOfBirth": "2002-08-10",
      "firstName": "Charlie",
      "id": "00000000-0000-0000-0000-000000000100",
      "lastName": "Sample",
      "relationship": "child",
      "role": undefined,
    },
  ],
  "giftEvents": [],
  "gifts": [],
  "incomes": [
    {
      "annualAmount": 150000,
      "cashAccountId": undefined,
      "claimingAge": undefined,
      "claimingAgeMode": undefined,
      "claimingAgeMonths": 0,
      "endYear": 2033,
      "endYearRef": null,
      "growthRate": 0.03,
      "growthSource": "custom",
      "id": "00000000-0000-0000-0000-000000000040",
      "inflationStartYear": undefined,
      "linkedEntityId": undefined,
      "name": "Alice Salary",
      "owner": "client",
      "ownerEntityId": undefined,
      "piaMonthly": undefined,
      "scheduleOverrides": undefined,
      "ssBenefitMode": undefined,
      "startYear": 2026,
      "startYearRef": null,
      "taxType": "earned_income",
      "type": "salary",
    },
  ],
  "liabilities": [
    {
      "balance": 400000,
      "balanceAsOfMonth": 1,
      "balanceAsOfYear": 2026,
      "extraPayments": [],
      "id": "00000000-0000-0000-0000-000000000060",
      "interestRate": 0.065,
      "isInterestDeductible": true,
      "linkedPropertyId": undefined,
      "monthlyPayment": 2530,
      "name": "Mortgage",
      "owners": [],
      "startMonth": 1,
      "startYear": 2020,
      "termMonths": 360,
    },
  ],
  "planSettings": {
    "estateAdminExpenses": 0,
    "flatFederalRate": 0.22,
    "flatStateEstateRate": 0,
    "flatStateRate": 0.05,
    "inflationRate": 0.03,
    "irdTaxRate": 0,
    "outOfHouseholdRate": undefined,
    "planEndYear": 2063,
    "planStartYear": 2026,
    "priorTaxableGifts": {
      "client": 0,
      "spouse": 0,
    },
    "ssWageGrowthRate": null,
    "taxEngineMode": "bracket",
    "taxInflationRate": null,
  },
  "rothConversions": [],
  "savingsRules": [
    {
      "accountId": "00000000-0000-0000-0000-000000000020",
      "annualAmount": 23000,
      "annualPercent": null,
      "applyContributionLimit": true,
      "contributeMax": false,
      "employerMatchAmount": undefined,
      "employerMatchCap": undefined,
      "employerMatchPct": undefined,
      "endYear": 2033,
      "endYearRef": null,
      "growthRate": 0,
      "growthSource": "custom",
      "id": "00000000-0000-0000-0000-000000000070",
      "isDeductible": true,
      "scheduleOverrides": undefined,
      "startYear": 2026,
      "startYearRef": null,
    },
  ],
  "taxYearRows": [
    {
      "addlMedicareRate": 0.009,
      "addlMedicareThreshold": {
        "mfj": 250000,
        "mfs": 125000,
        "single": 200000,
      },
      "amtBreakpoint2628": {
        "mfjShoh": 220700,
        "mfs": 110350,
      },
      "amtExemption": {
        "mfj": 137000,
        "mfs": 68500,
        "singleHoh": 88100,
      },
      "amtPhaseoutStart": {
        "mfj": 1310000,
        "mfs": 655000,
        "singleHoh": 655000,
      },
      "capGainsBrackets": [
        {
          "rate": 0,
          "upTo": 94050,
        },
        {
          "rate": 0.15,
          "upTo": 583750,
        },
        {
          "rate": 0.2,
          "upTo": null,
        },
      ],
      "contribLimits": {
        "hsaCatchup55": 1000,
        "hsaLimitFamily": 8300,
        "hsaLimitSelf": 4150,
        "ira401kCatchup50": 7500,
        "ira401kCatchup6063": 11250,
        "ira401kElective": 23000,
        "iraCatchup50": 1000,
        "iraTradLimit": 7000,
        "simpleCatchup50": 3500,
        "simpleLimitRegular": 16000,
      },
      "incomeBrackets": [
        {
          "rate": 0.1,
          "upTo": 23200,
        },
        {
          "rate": 0.12,
          "upTo": 94300,
        },
        {
          "rate": 0.22,
          "upTo": 201050,
        },
        {
          "rate": 0.24,
          "upTo": 383900,
        },
        {
          "rate": 0.32,
          "upTo": 487450,
        },
        {
          "rate": 0.35,
          "upTo": 731200,
        },
        {
          "rate": 0.37,
          "upTo": null,
        },
      ],
      "medicareTaxRate": 0.0145,
      "niitRate": 0.038,
      "niitThreshold": {
        "mfj": 250000,
        "mfs": 125000,
        "single": 200000,
      },
      "qbi": {
        "phaseInRangeMfj": 100000,
        "phaseInRangeOther": 50000,
        "thresholdMfj": 383900,
        "thresholdSingleHohMfs": 191950,
      },
      "ssTaxRate": 0.062,
      "ssWageBase": 168600,
      "stdDeduction": {
        "head_of_household": 21900,
        "married_joint": 29200,
        "married_separate": 14600,
        "single": 14600,
      },
      "trustCapGainsBrackets": [],
      "trustIncomeBrackets": [],
      "year": 2026,
    },
  ],
  "transfers": [
    {
      "amount": 10000,
      "endYear": 2033,
      "endYearRef": null,
      "growthRate": 0,
      "id": "00000000-0000-0000-0000-000000000300",
      "mode": "recurring",
      "name": "Annual Brokerage Sweep",
      "schedules": [],
      "sourceAccountId": "00000000-0000-0000-0000-000000000021",
      "startYear": 2027,
      "startYearRef": null,
      "targetAccountId": "00000000-0000-0000-0000-000000000020",
    },
  ],
  "wills": [
    {
      "bequests": [
        {
          "accountId": "00000000-0000-0000-0000-000000000020",
          "assetMode": "specific",
          "condition": "always",
          "id": "00000000-0000-0000-0000-000000000121",
          "kind": "asset",
          "liabilityId": null,
          "name": "Primary Residence to Charlie",
          "percentage": 100,
          "recipients": [
            {
              "percentage": 100,
              "recipientId": "00000000-0000-0000-0000-000000000100",
              "recipientKind": "family_member",
              "sortOrder": 0,
            },
          ],
          "sortOrder": 0,
        },
      ],
      "grantor": "client",
      "id": "00000000-0000-0000-0000-000000000120",
    },
  ],
  "withdrawalStrategy": [],
}
`;
